Scanning input tree: ./examples/output/raw_bloodhound
============================================================
  Loaded 20260514135656_computers.json: 564 computers
  Loaded 20260514135656_containers.json: 23 containers
  Loaded 20260514135656_domains.json: 1 domains
  Loaded 20260514135656_gpos.json: 15 gpos
  Loaded 20260514135656_groups.json: 183 groups
  Loaded 20260514135656_ous.json: 61 ous
  Loaded 20260514135656_users.json: 2952 users
  Loaded 20260516191339_computers.json: 0 computers
  Loaded 20260516191339_containers.json: 22 containers
  Loaded 20260516191339_domains.json: 1 domains
  Loaded 20260516191339_gpos.json: 2 gpos
  Loaded 20260516191339_groups.json: 47 groups
  Loaded 20260516191339_ous.json: 1 ous
  Loaded 20260516191339_users.json: 6 users
  Loaded 20260516211205_computers.json: 5 computers
  Loaded 20260516211205_containers.json: 21 containers
  Loaded 20260516211205_domains.json: 1 domains
  Loaded 20260516211205_gpos.json: 2 gpos
  Loaded 20260516211205_groups.json: 52 groups
  Loaded 20260516211205_ous.json: 1 ous
  Loaded 20260516211205_users.json: 10 users

============================================================
Accumulated raw records:
  computers   : 569 records from 3 file(s)
  users       : 2968 records from 3 file(s)
  groups      : 282 records from 3 file(s)
  domains     : 3 records from 3 file(s)
  gpos        : 19 records from 3 file(s)
  ous         : 63 records from 3 file(s)
  containers  : 66 records from 3 file(s)

Deduplicating by ObjectIdentifier...
  groups: 282 → 281 (removed 1 duplicates)

Building edge index...
  Edge index covers 3046 unique SIDs

============================================================
Saving cleaned files...
  Saved: ./examples/output/cleaned/cleaned_computers.json
  Saved: ./examples/output/cleaned/cleaned_users.json
  Saved: ./examples/output/cleaned/cleaned_groups.json
  Saved: ./examples/output/cleaned/cleaned_domains.json
  Saved: ./examples/output/cleaned/cleaned_gpos.json
  Saved: ./examples/output/cleaned/cleaned_ous.json
  Saved: ./examples/output/cleaned/cleaned_containers.json

============================================================
Type              Before    After  Dropped
---------------------------------------------
computers            569      569        0
users               2968     2968        0
groups               281      278        3
domains                3        3        0
gpos                  19       19        0
ous                   63       63        0
containers            66       66        0
---------------------------------------------
TOTAL               3969     3966        3

Edge index covers 3046 unique SIDs
============================================================
merger.py
============================================================
Inputs : 1
  [folder]  examples/output/cleaned
Output : examples/output/forest_graph.json

Loading cleaned...
  [folder] 7750 nodes

Merging...

Merged forest:
  users          : 2968
  computers      : 569
  groups         : 279
  domains        : 3
  gpos           : 19
  ous            : 63
  containers     : 66
  TOTAL          : 3967

Trusts inventory:
  freightlogistics.local → INLANEFREIGHT.LOCAL  type=Forest direction=Bidirectional sid_filter=True
  inlanefreight.local → FREIGHTLOGISTICS.LOCAL  type=Forest direction=Bidirectional sid_filter=True
  inlanefreight.local → LOGISTICS.INLANEFREIGHT.LOCAL  type=ParentChild direction=Bidirectional sid_filter=False
  logistics.inlanefreight.local → INLANEFREIGHT.LOCAL  type=ParentChild direction=Bidirectional sid_filter=False
  Total trust relationships: 4

Edge inventory (17 types, 67349 total references, 3770 dangling = 5.6%):
  members                            : 15555
  genericall                         : 11453
  genericwrite                       : 7835
  writedacl                          : 7275
  addkeycredentiallink               : 6988
  writeowner                         : 4189
  owns                               : 3946
  childobjects                       : 3803
  allextendedrights                  : 3071
  forcechangepassword                : 2942
  addmember                          : 185
  writeaccountrestrictions           : 64
  links                              : 17
  getchanges                         : 10
  getchangesall                      : 7
  ... and 2 more

Written examples/output/forest_graph.json  (17386 KB)

Next: build_dataset.py — converts forest_graph.json into PyG HeteroData
============================================================
============================================================
build_dataset.py (HGT Upgrade)
============================================================
[1] Loading heterogeneous graph...
  Nodes      : 4002

[2] Building heterogeneous edges...
  Edge Triplet Types : 77

[4] Assembling HeteroData...
  data['users'].x : torch.Size([2969, 14])
  data['computers'].x : torch.Size([569, 14])
  data['groups'].x : torch.Size([279, 14])
  data['domains'].x : torch.Size([3, 14])
  data['gpos'].x : torch.Size([19, 14])
  data['ous'].x : torch.Size([63, 14])
  data['containers'].x : torch.Size([66, 14])
  data['cas'].x : torch.Size([1, 14])
  data['certtemplates'].x : torch.Size([34, 14])
  Total Edge Types: 77

[5] Saving...
============================================================
============================================================
validate_dataset.py (HGT Upgrade)
============================================================
Loading: examples/output/heterodata.pt

[ Node features (Heterogeneous) ]
  ✓ OK    At least one node type present
  ✓ OK    users: No NaN values
  ✓ OK    users: No Inf values
          users           : 2969  nodes | 14 features | 21.3% density
  ✓ OK    computers: No NaN values
  ✓ OK    computers: No Inf values
          computers       : 569   nodes | 14 features | 14.3% density
  ✓ OK    groups: No NaN values
  ✓ OK    groups: No Inf values
          groups          : 279   nodes | 14 features |  0.9% density
  ✓ OK    domains: No NaN values
  ✓ OK    domains: No Inf values
          domains         : 3     nodes | 14 features |  0.0% density
  ✓ OK    gpos: No NaN values
  ✓ OK    gpos: No Inf values
          gpos            : 19    nodes | 14 features |  0.0% density
  ✓ OK    ous: No NaN values
  ✓ OK    ous: No Inf values
          ous             : 63    nodes | 14 features |  0.0% density
  ✓ OK    containers: No NaN values
  ✓ OK    containers: No Inf values
          containers      : 66    nodes | 14 features |  0.0% density
  ✓ OK    cas: No NaN values
  ✓ OK    cas: No Inf values
          cas             : 1     nodes | 14 features |  0.0% density
  ✓ OK    certtemplates: No NaN values
  ✓ OK    certtemplates: No Inf values
          certtemplates   : 34    nodes | 14 features | 18.7% density

[ Edges (Triplets) ]
  ✓ OK    At least one edge type present
          Edge types         : 77
          Total edge entries : 63783
  ✓ OK    Edge total (63783) is non-trivial
  ⚠ WARN  No self-loops (got 31)
          Top edge: memberof             (users → groups) : 15492
          Top edge: genericall           (groups → users) : 8785
          Top edge: writedacl            (groups → users) : 5964
          Top edge: addkeycredentiallink (groups → users) : 5850
          Top edge: genericwrite         (groups → users) : 3089

[ ADCS Health Check ]
  ✓ OK    CA nodes present (1)
  ✓ OK    Template nodes present (34)
  ✓ OK    Critical ADCS path 'Enroll' is intact
  ✓ OK    Critical CA escape route 'TrustedForNTAuth' is intact
          ADCS edge types detected : publishedto, enroll, trustedforntauth, writedacl, genericall, writeowner

============================================================
VERDICT
============================================================
  ⚠ 1 warning(s) — review before training:
    - No self-loops (got 31)

  Warnings are informational. Training can proceed.
[+] Pipeline initialized at 23:45:17
[*] Launching Inference Engine
    Route: htb-student_adm -> domain admins@inlanefreight.local
    Model: HGT.pt (Beam: 3, Depth: 6)
Traceback (most recent call last):
  File "/home/senbati/Workspace/PFE/gnn-ad-navigator/scripts/inference.py", line 34, in <module>
    import torch
ModuleNotFoundError: No module named 'torch'
[✓] Log saved to: ./examples/output/logs/inference_20260630_234517.log
[+] Pipeline initialized at 23:45:33
[*] Launching Inference Engine
    Route: htb-student_adm -> domain admins@inlanefreight.local
    Model: HGT.pt (Beam: 3, Depth: 6)
Start  : htb-student_adm@logistics.inlanefreight.local (users)
Target : domain admins@inlanefreight.local (groups)

============================================================
RESULTS — best scored 3 path(s)
============================================================

Path 1:
  Score: 0.0039  Steps: 6
    [1] htb-student_adm@logistics.inlanefreight.local
        → domain admins@logistics.inlanefreight.local
        edge   : memberof
        attack : Group inheritance (Inherit rights via group membership)
    [2] domain admins@logistics.inlanefreight.local
        → default domain policy@logistics.inlanefreight.local
        edge   : owns
        attack : Object ownership (Modify DACL of owned object)
    [3] default domain policy@logistics.inlanefreight.local
        → logistics.inlanefreight.local
        edge   : gplink
        attack : Unknown edge (Manual review)
    [4] logistics.inlanefreight.local
        → inlanefreight.local
        edge   : sameforesttrust
        attack : Same-forest trust traversal (Cross domain via SID History)
    [5] inlanefreight.local
        → domain controllers@inlanefreight.local
        edge   : contains
        attack : Container hierarchy (Object lives inside OU/container)
    [6] domain controllers@inlanefreight.local
        → academy-ea-dc01.inlanefreight.local
        edge   : contains
        attack : Container hierarchy (Object lives inside OU/container)

  AUDIT:
    ✗ Path terminates at 'academy-ea-dc01.inlanefreight.local' lacking DCSync and is not the target.
    ⚠ Final node is in domain 'academy-ea-dc01.inlanefreight.local' but target is in 'inlanefreight.local'.
    ⚠ Path ends structurally with 'contains' edge. Likely noise from beam search.

Path 2:
  Score: 0.0010  Steps: 6
    [1] htb-student_adm@logistics.inlanefreight.local
        → domain admins@logistics.inlanefreight.local
        edge   : memberof
        attack : Group inheritance (Inherit rights via group membership)
    [2] domain admins@logistics.inlanefreight.local
        → default domain policy@logistics.inlanefreight.local
        edge   : owns
        attack : Object ownership (Modify DACL of owned object)
    [3] default domain policy@logistics.inlanefreight.local
        → logistics.inlanefreight.local
        edge   : gplink
        attack : Unknown edge (Manual review)
    [4] logistics.inlanefreight.local
        → inlanefreight.local
        edge   : sameforesttrust
        attack : Same-forest trust traversal (Cross domain via SID History)
    [5] inlanefreight.local
        → corp@inlanefreight.local
        edge   : contains
        attack : Container hierarchy (Object lives inside OU/container)
    [6] corp@inlanefreight.local
        → security groups@inlanefreight.local
        edge   : contains
        attack : Container hierarchy (Object lives inside OU/container)

  AUDIT:
    ✗ Path terminates at 'security groups@inlanefreight.local' lacking DCSync and is not the target.
    ⚠ Path ends structurally with 'contains' edge. Likely noise from beam search.

Path 3:
  Score: 0.0010  Steps: 6
    [1] htb-student_adm@logistics.inlanefreight.local
        → domain admins@logistics.inlanefreight.local
        edge   : memberof
        attack : Group inheritance (Inherit rights via group membership)
    [2] domain admins@logistics.inlanefreight.local
        → default domain policy@logistics.inlanefreight.local
        edge   : owns
        attack : Object ownership (Modify DACL of owned object)
    [3] default domain policy@logistics.inlanefreight.local
        → logistics.inlanefreight.local
        edge   : gplink
        attack : Unknown edge (Manual review)
    [4] logistics.inlanefreight.local
        → inlanefreight.local
        edge   : sameforesttrust
        attack : Same-forest trust traversal (Cross domain via SID History)
    [5] inlanefreight.local
        → corp@inlanefreight.local
        edge   : contains
        attack : Container hierarchy (Object lives inside OU/container)
    [6] corp@inlanefreight.local
        → employees@inlanefreight.local
        edge   : contains
        attack : Container hierarchy (Object lives inside OU/container)

  AUDIT:
    ✗ Path terminates at 'employees@inlanefreight.local' lacking DCSync and is not the target.
    ⚠ Path ends structurally with 'contains' edge. Likely noise from beam search.
[✓] Log saved to: ./examples/output/logs/inference_20260630_234533.log
[+] Pipeline initialized at 01:28:08
[*] Launching Inference Engine
    Route: htb-student_adm -> domain admins@inlanefreight.local
    Model: HGT.pt (Beam: 3, Depth: 6)
Start  : htb-student_adm@logistics.inlanefreight.local (users)
Target : domain admins@inlanefreight.local (groups)

============================================================
RESULTS — best scored 3 path(s)
============================================================

Path 1:
  Score: 0.0039  Steps: 6
    [1] htb-student_adm@logistics.inlanefreight.local
        → domain admins@logistics.inlanefreight.local
        edge   : memberof
        attack : Group inheritance (Inherit rights via group membership)
    [2] domain admins@logistics.inlanefreight.local
        → default domain policy@logistics.inlanefreight.local
        edge   : owns
        attack : Object ownership (Modify DACL of owned object)
    [3] default domain policy@logistics.inlanefreight.local
        → logistics.inlanefreight.local
        edge   : gplink
        attack : Unknown edge (Manual review)
    [4] logistics.inlanefreight.local
        → inlanefreight.local
        edge   : sameforesttrust
        attack : Same-forest trust traversal (Cross domain via SID History)
    [5] inlanefreight.local
        → domain controllers@inlanefreight.local
        edge   : contains
        attack : Container hierarchy (Object lives inside OU/container)
    [6] domain controllers@inlanefreight.local
        → academy-ea-dc01.inlanefreight.local
        edge   : contains
        attack : Container hierarchy (Object lives inside OU/container)

  AUDIT:
    ✗ Path terminates at 'academy-ea-dc01.inlanefreight.local' lacking DCSync and is not the target.
    ⚠ Final node is in domain 'academy-ea-dc01.inlanefreight.local' but target is in 'inlanefreight.local'.
    ⚠ Path ends structurally with 'contains' edge. Likely noise from beam search.

Path 2:
  Score: 0.0010  Steps: 6
    [1] htb-student_adm@logistics.inlanefreight.local
        → domain admins@logistics.inlanefreight.local
        edge   : memberof
        attack : Group inheritance (Inherit rights via group membership)
    [2] domain admins@logistics.inlanefreight.local
        → default domain policy@logistics.inlanefreight.local
        edge   : owns
        attack : Object ownership (Modify DACL of owned object)
    [3] default domain policy@logistics.inlanefreight.local
        → logistics.inlanefreight.local
        edge   : gplink
        attack : Unknown edge (Manual review)
    [4] logistics.inlanefreight.local
        → inlanefreight.local
        edge   : sameforesttrust
        attack : Same-forest trust traversal (Cross domain via SID History)
    [5] inlanefreight.local
        → corp@inlanefreight.local
        edge   : contains
        attack : Container hierarchy (Object lives inside OU/container)
    [6] corp@inlanefreight.local
        → security groups@inlanefreight.local
        edge   : contains
        attack : Container hierarchy (Object lives inside OU/container)

  AUDIT:
    ✗ Path terminates at 'security groups@inlanefreight.local' lacking DCSync and is not the target.
    ⚠ Path ends structurally with 'contains' edge. Likely noise from beam search.

Path 3:
  Score: 0.0010  Steps: 6
    [1] htb-student_adm@logistics.inlanefreight.local
        → domain admins@logistics.inlanefreight.local
        edge   : memberof
        attack : Group inheritance (Inherit rights via group membership)
    [2] domain admins@logistics.inlanefreight.local
        → default domain policy@logistics.inlanefreight.local
        edge   : owns
        attack : Object ownership (Modify DACL of owned object)
    [3] default domain policy@logistics.inlanefreight.local
        → logistics.inlanefreight.local
        edge   : gplink
        attack : Unknown edge (Manual review)
    [4] logistics.inlanefreight.local
        → inlanefreight.local
        edge   : sameforesttrust
        attack : Same-forest trust traversal (Cross domain via SID History)
    [5] inlanefreight.local
        → corp@inlanefreight.local
        edge   : contains
        attack : Container hierarchy (Object lives inside OU/container)
    [6] corp@inlanefreight.local
        → employees@inlanefreight.local
        edge   : contains
        attack : Container hierarchy (Object lives inside OU/container)

  AUDIT:
    ✗ Path terminates at 'employees@inlanefreight.local' lacking DCSync and is not the target.
    ⚠ Path ends structurally with 'contains' edge. Likely noise from beam search.
[✓] Log saved to: ./examples/output/logs/inference_20260701_012808.log
